// Jest Snapshot v1, https://goo.gl/fbAQLP

exports[`Loading component renders correctly 1`] = `
<div
  className="sc-bdVaJa hjDGfY"
>
  <div
    className="MuiLinearProgress-root-1 MuiLinearProgress-accentColor-5"
  >
    <div
      className="MuiLinearProgress-bar-8 MuiLinearProgress-accentColorBar-6 MuiLinearProgress-indeterminateBar1-13"
      style={Object {}}
    />
    <div
      className="MuiLinearProgress-bar-8 MuiLinearProgress-accentColorBar-6 MuiLinearProgress-indeterminateBar2-14"
      style={Object {}}
    />
  </div>
</div>
`;
